SWITCH 1
==================================

Cisco IOS Software, C2960 Software (C2960-LANBASE-M), Version 12.2(25)FX, RELEASE SOFTWARE (fc1)
Copyright (c) 1986-2005 by Cisco Systems, Inc.
Compiled Wed 12-Oct-05 22:05 by pt_team
Image text-base: 0x80008098, data-base: 0x814129C4



Cisco WS-C2960-24TT (RC32300) processor (revision C0) with 21039K bytes of memory.


24 FastEthernet/IEEE 802.3 interface(s)
2 Gigabit Ethernet/IEEE 802.3 interface(s)

63488K bytes of flash-simulated non-volatile configuration memory.
Base ethernet MAC Address       : 0060.3E85.D0EC
Motherboard assembly number     : 73-9832-06
Power supply part number        : 341-0097-02
Motherboard serial number       : FOC103248MJ
Power supply serial number      : DCA102133JA
Model revision number           : B0
Motherboard revision number     : C0
Model number                    : WS-C2960-24TT
System serial number            : FOC1033Z1EY
Top Assembly Part Number        : 800-26671-02
Top Assembly Revision Number    : B0
Version ID                      : V02
CLEI Code Number                : COM3K00BRA
Hardware Board Revision Number  : 0x01


Switch   Ports  Model              SW Version              SW Image
------   -----  -----              ----------              ----------
*    1   26     WS-C2960-24TT      12.2                    C2960-LANBASE-M

Cisco IOS Software, C2960 Software (C2960-LANBASE-M), Version 12.2(25)FX, RELEASE SOFTWARE (fc1)
Copyright (c) 1986-2005 by Cisco Systems, Inc.
Compiled Wed 12-Oct-05 22:05 by pt_team

Press RETURN to get started!


%LINK-5-CHANGED: Interface FastEthernet0/1, changed state to up

%LINEPROTO-5-UPDOWN: Line protocol on Interface FastEthernet0/1, changed state to up

%LINK-5-CHANGED: Interface FastEthernet0/2, changed state to up

%LINEPROTO-5-UPDOWN: Line protocol on Interface FastEthernet0/2, changed state to up

%LINK-5-CHANGED: Interface FastEthernet0/3, changed state to up

%LINEPROTO-5-UPDOWN: Line protocol on Interface FastEthernet0/3, changed state to up

%LINK-5-CHANGED: Interface FastEthernet0/4, changed state to up

%LINEPROTO-5-UPDOWN: Line protocol on Interface FastEthernet0/4, changed state to up


Switch>
Switch>
Switch>en
Switch#conf t
Enter configuration commands, one per line.  End with CNTL/Z.
Switch(config)#
Switch(config)#
Switch(config)#vlan 2
Switch(config-vlan)#name users
Switch(config-vlan)#
Switch(config-vlan)#
Switch(config-vlan)#?
VLAN configuration commands:
  exit         Apply changes, bump revision number, and exit mode
  name         Ascii name of the VLAN
  no           Negate a command or set its defaults
  remote-span  Add the Remote Switched Port Analyzer (RSPAN) feature to the VLAN
Switch(config-vlan)#exit
Switch(config)#vlan 3
Switch(config-vlan)#
Switch(config-vlan)#
Switch(config-vlan)#name server
Switch(config-vlan)#
Switch(config-vlan)#
Switch(config-vlan)#exit
Switch(config)#
Switch(config)#
Switch(config)#int fa0/2-4
                       ^
% Invalid input detected at '^' marker.
	
Switch(config)#int range fa0/2-4
Switch(config-if-range)#?
  cdp               Global CDP configuration subcommands
  channel-group     Etherchannel/port bundling configuration
  channel-protocol  Select the channel protocol (LACP, PAgP)
  description       Interface specific description
  duplex            Configure duplex operation.
  exit              Exit from interface configuration mode
  ip                Interface Internet Protocol config commands
  lldp              LLDP interface subcommands
  mdix              Set Media Dependent Interface with Crossover
  mls               mls interface commands
  no                Negate a command or set its defaults
  shutdown          Shutdown the selected interface
  spanning-tree     Spanning Tree Subsystem
  speed             Configure speed operation.
  storm-control     storm configuration
  switchport        Set switching mode characteristics
  tx-ring-limit     Configure PA level transmit ring limit
Switch(config-if-range)#sw mode ac
Switch(config-if-range)#sw mode access 
Switch(config-if-range)#sw a
Switch(config-if-range)#sw access ?
  vlan  Set VLAN when interface is in access mode
Switch(config-if-range)#sw access vlan 2
Switch(config-if-range)#exit
Switch(config)#int fa0/1
Switch(config-if)#sw mode ac
Switch(config-if)#sw ac
Switch(config-if)#sw access vlan 3
Switch(config-if)#
Switch(config-if)#
Switch(config-if)#exit
Switch(config)#int fa0/5
Switch(config-if)#
Switch(config-if)#
Switch(config-if)#?
  cdp               Global CDP configuration subcommands
  channel-group     Etherchannel/port bundling configuration
  channel-protocol  Select the channel protocol (LACP, PAgP)
  description       Interface specific description
  duplex            Configure duplex operation.
  exit              Exit from interface configuration mode
  ip                Interface Internet Protocol config commands
  lldp              LLDP interface subcommands
  mdix              Set Media Dependent Interface with Crossover
  mls               mls interface commands
  no                Negate a command or set its defaults
  shutdown          Shutdown the selected interface
  spanning-tree     Spanning Tree Subsystem
  speed             Configure speed operation.
  storm-control     storm configuration
  switchport        Set switching mode characteristics
  tx-ring-limit     Configure PA level transmit ring limit
Switch(config-if)#sw mode tr
Switch(config-if)#sw mode trunk 
Switch(config-if)#sw t
Switch(config-if)#sw trunk ?
  allowed  Set allowed VLAN characteristics when interface is in trunking mode
  native   Set trunking native characteristics when interface is in trunking
           mode
Switch(config-if)#sw trunk al
Switch(config-if)#sw trunk allowed ?
  vlan  Set allowed VLANs when interface is in trunking mode
Switch(config-if)#sw trunk allowed 2,3
                                   ^
% Invalid input detected at '^' marker.
	
Switch(config-if)#sw trunk allowed vlan 2,3
Switch(config-if)#exit
Switch(config)#
%LINK-5-CHANGED: Interface FastEthernet0/5, changed state to up

%LINEPROTO-5-UPDOWN: Line protocol on Interface FastEthernet0/5, changed state to up









Switch con0 is now available






Press RETURN to get started.













Switch>
Switch>en 
Switch#wr
Switch#write mem
Building configuration...
[OK]
Switch#
Switch#